
[7m[1m[34m DEV [39m[22m[27m [34mv1.6.1[39m [90mC:/Users/User/OneDrive/Desktop/chatbot.personalizado.js/chatbot.personalizado.js[39m

node.exe : [31mWebSocket server error: Port is already 
in use[39m
No linha:1 caractere:1
+ & "C:\Program Files\nodejs/node.exe" "C:\Program 
Files\nodejs/node_mo ...
+ ~~~~~~~~~~~~~~~~~~~~~~~~~~~~~~~~~~~~~~~~~~~~~~~~~~~~~~
~~~~~~~~~~~~~~~
    + CategoryInfo          : NotSpecified: ([31mWebSo 
   cket ...ady in use[39m:String) [], RemoteException
    + FullyQualifiedErrorId : NativeCommandError
 
 [33mÔØ»[39m tests/messageCreate.test.mjs [2m ([22m[2m7 tests[22m [2m|[22m [31m7 failed[39m[2m)[22m[90m 40[2mms[22m[39m
[31m   [33mÔØ»[31m tests/messageCreate.test.mjs[2m > [22mmessageCreate event[2m > [22mshould ignore bot messages[39m
[31m     ÔåÆ Expected '(', got 'execute'[39m
[31m   [33mÔØ»[31m tests/messageCreate.test.mjs[2m > [22mmessageCreate event[2m > [22mshould process message if bot is mentioned[39m
[31m     ÔåÆ Expected '(', got 'execute'[39m
[31m   [33mÔØ»[31m tests/messageCreate.test.mjs[2m > [22mmessageCreate event[2m > [22mshould process message if bot name is in content[39m
[31m     ÔåÆ Expected '(', got 'execute'[39m
[31m   [33mÔØ»[31m tests/messageCreate.test.mjs[2m > [22mmessageCreate event[2m > [22mshould apply linguistic variety functions[39m
[31m     ÔåÆ Expected '(', got 'execute'[39m
[31m   [33mÔØ»[31m tests/messageCreate.test.mjs[2m > [22mmessageCreate event[2m > [22mshould record interaction metrics[39m
[31m     ÔåÆ Expected '(', got 'execute'[39m
[31m   [33mÔØ»[31m tests/messageCreate.test.mjs[2m > [22mmessageCreate event[2m > [22mshould handle follow-up responses[39m
[31m     ÔåÆ Expected '(', got 'execute'[39m
[31m   [33mÔØ»[31m tests/messageCreate.test.mjs[2m > [22mmessageCreate event[2m > [22mshould handle errors gracefully[39m
[31m     ÔåÆ Expected '(', got 'execute'[39m

[31mÔÄ»ÔÄ»ÔÄ»ÔÄ»ÔÄ»ÔÄ»ÔÄ»[1m[7m Failed Tests 7 
[27m[22mÔÄ»ÔÄ»ÔÄ»ÔÄ»ÔÄ»ÔÄ»ÔÄ»[39m

[31m[1m[7m FAIL [27m[22m[39m 
tests/messageCreate.test.mjs[2m > [22mmessageCreate 
event[2m > [22mshould ignore bot messages
[31m[1m[7m FAIL [27m[22m[39m 
tests/messageCreate.test.mjs[2m > [22mmessageCreate 
event[2m > [22mshould process message if bot is 
mentioned
[31m[1m[7m FAIL [27m[22m[39m 
tests/messageCreate.test.mjs[2m > [22mmessageCreate 
event[2m > [22mshould process message if bot name is 
in content
[31m[1m[7m FAIL [27m[22m[39m 
tests/messageCreate.test.mjs[2m > [22mmessageCreate 
event[2m > [22mshould apply linguistic variety 
functions
[31m[1m[7m FAIL [27m[22m[39m 
tests/messageCreate.test.mjs[2m > [22mmessageCreate 
event[2m > [22mshould record interaction metrics
[31m[1m[7m FAIL [27m[22m[39m 
tests/messageCreate.test.mjs[2m > [22mmessageCreate 
event[2m > [22mshould handle follow-up responses
[31m[1m[7m FAIL [27m[22m[39m 
tests/messageCreate.test.mjs[2m > [22mmessageCreate 
event[2m > [22mshould handle errors gracefully
[31m[1mError[22m: Expected '(', got 'execute'[39m
[90m [2mÔØ»[22m getRollupError node_modules/rollup/di
st/es/shared/parseAst.js:[2m401:41[22m[39m
[90m [2mÔØ»[22m convertProgram node_modules/rollup/di
st/es/shared/parseAst.js:[2m1098:26[22m[39m
[90m [2mÔØ»[22m parseAstAsync node_modules/rollup/dis
t/es/shared/parseAst.js:[2m2084:106[22m[39m
[90m [2mÔØ»[22m ssrTransformScript node_modules/vite/
dist/node/chunks/dep-BK3b2jBa.js:[2m52430:11[22m[39m

[31m[2mÔÄ»ÔÄ»ÔÄ»ÔÄ»ÔÄ»ÔÄ»ÔÄ»ÔÄ»ÔÄ»ÔÄ»ÔÄ»ÔÄ»ÔÄ»ÔÄ»ÔÄ»ÔÄ
»ÔÄ»ÔÄ»ÔÄ»ÔÄ»ÔÄ»ÔÄ»ÔÄ»ÔÄ»[1/7]ÔÄ»[22m[39m

[2m Test Files [22m [1m[31m1 failed[39m[22m[90m (1)[39m
[2m      Tests [22m [1m[31m7 failed[39m[22m[90m (7)[39m
[2m   Start at [22m 17:54:16
[2m   Duration [22m 6.99s[2m (transform 276ms, setup 0ms, collect 2.10s, tests 40ms, environment 2.03s, prepare 2.42s)[22m


[1m[7m[31m FAIL [39m[27m[22m[31m Tests failed. Watching for file changes...[39m
       [2mpress [22m[1mh[22m[2m to show help[22m[2m, [22m[2mpress [22m[1mq[22m[2m to quit[22m
[3Jc
[7m[1m[34m RERUN [39m[22m[27m[2m src/events/messageCreate.js[22m [34mx1[39m

[90mstdout[2m | tests/messageCreate.test.mjs[2m > [22m[2mmessageCreate event[2m > [22m[2mshould record interaction metrics[22m[39m
Teste: should record interaction metrics
recordInteraction calls: []

[90mstdout[2m | tests/messageCreate.test.mjs[2m > [22m[2mmessageCreate event[2m > [22m[2mshould handle follow-up responses[22m[39m
Teste: should handle follow-up responses
autoRespondStandardCases calls: [
  [
    [32m'Qual ├® a capital da Fran├ºa?'[39m,
    [32m'userId'[39m,
    {
      type: [32m'text'[39m,
      sendTyping: [36m[Function][39m,
      send: [36m[Function][39m,
      messages: [36m[Object][39m
    }
  ]
]
Valor de retorno de autoRespondStandardCases: [33mfalse[39m
sendTyping calls: []

 [33mÔØ»[39m tests/messageCreate.test.mjs [2m ([22m[2m7 tests[22m [2m|[22m [31m5 failed[39m[2m)[22m[33m 508[2mms[22m[39m
[31mÔÄ»ÔÄ»ÔÄ»ÔÄ»ÔÄ»ÔÄ»ÔÄ»[1m[7m Failed Tests 5 
[27m[22mÔÄ»ÔÄ»ÔÄ»ÔÄ»ÔÄ»ÔÄ»ÔÄ»[39m

[31m[1m[7m FAIL [27m[22m[39m 
tests/messageCreate.test.mjs[2m > [22mmessageCreate 
event[2m > [22mshould process message if bot is 
mentioned
[31m[1mAssertionError[22m: expected "spy" to be 
called at least once[39m
[36m [2mÔØ»[22m 
tests/messageCreate.test.mjs:[2m278:44[22m[39m
    [90m276| [39m  [34mit[39m([32m'should process 
message if bot is mentioned'[39m[33m,[39m 
[35masync[39m () [33m=>[39m {
    [90m277| [39m    [35mawait[39m messageCreateEven
t[33m.[39m[34mexecute[39m(mockMessage[33m,[39m 
mockResponseGeneratoÔÇª
    [90m278| [39m    [34mexpect[39m(mockMessage[33m
.[39mchannel[33m.[39msendTyping)[33m.[39m[34mtoHav
eBeenCalled[39m()[33m;[39m
    [90m   | [39m                                     
      [31m^[39m
    [90m279| [39m    [34mexpect[39m(mockMessage[33m
.[39mreply)[33m.[39m[34mtoHaveBeenCalledWith[39m([
32m'Ol├í! Como posso aj[39mÔÇª
    [90m280| [39m    [34mexpect[39m(recordInteractio
n)[33m.[39m[34mtoHaveBeenCalledTimes[39m([34m1[39m
)[33m;[39m

[31m[2mÔÄ»ÔÄ»ÔÄ»ÔÄ»ÔÄ»ÔÄ»ÔÄ»ÔÄ»ÔÄ»ÔÄ»ÔÄ»ÔÄ»ÔÄ»ÔÄ»ÔÄ»ÔÄ
»ÔÄ»ÔÄ»ÔÄ»ÔÄ»ÔÄ»ÔÄ»ÔÄ»ÔÄ»[1/5]ÔÄ»[22m[39m

[31m[1m[7m FAIL [27m[22m[39m 
tests/messageCreate.test.mjs[2m > [22mmessageCreate 
event[2m > [22mshould process message if bot name is 
in content
[31m[1mAssertionError[22m: expected "spy" to be 
called at least once[39m
[36m [2mÔØ»[22m 
tests/messageCreate.test.mjs:[2m287:44[22m[39m
    [90m285| [39m    mockMessage[33m.[39mcontent 
[33m=[39m [32m'Luana, me diga algo.'[39m[33m;[39m
    [90m286| [39m    [35mawait[39m messageCreateEven
t[33m.[39m[34mexecute[39m(mockMessage[33m,[39m 
mockResponseGeneratoÔÇª
    [90m287| [39m    [34mexpect[39m(mockMessage[33m
.[39mchannel[33m.[39msendTyping)[33m.[39m[34mtoHav
eBeenCalled[39m()[33m;[39m
    [90m   | [39m                                     
      [31m^[39m
    [90m288| [39m    [34mexpect[39m(mockMessage[33m
.[39mreply)[33m.[39m[34mtoHaveBeenCalledWith[39m([
32m'Ol├í! Como posso aj[39mÔÇª
    [90m289| [39m    [34mexpect[39m(recordInteractio
n)[33m.[39m[34mtoHaveBeenCalledTimes[39m([34m1[39m
)[33m;[39m

[31m[2mÔÄ»ÔÄ»ÔÄ»ÔÄ»ÔÄ»ÔÄ»ÔÄ»ÔÄ»ÔÄ»ÔÄ»ÔÄ»ÔÄ»ÔÄ»ÔÄ»ÔÄ»ÔÄ
»ÔÄ»ÔÄ»ÔÄ»ÔÄ»ÔÄ»ÔÄ»ÔÄ»ÔÄ»[2/5]ÔÄ»[22m[39m

[31m[1m[7m FAIL [27m[22m[39m 
tests/messageCreate.test.mjs[2m > [22mmessageCreate 
event[2m > [22mshould apply linguistic variety 
functions
[31m[1mAssertionError[22m: expected "spy" to be 
called with arguments: [ Any<String>, 'neutral', 
'greeting' ][90m

Received: 

[31m[90m

Number of calls: [1m0[22m
[31m[39m
[36m [2mÔØ»[22m 
tests/messageCreate.test.mjs:[2m294:24[22m[39m
    [90m292| [39m  [34mit[39m([32m'should apply 
linguistic variety functions'[39m[33m,[39m 
[35masync[39m () [33m=>[39m {
    [90m293| [39m    [35mawait[39m messageCreateEven
t[33m.[39m[34mexecute[39m(mockMessage[33m,[39m 
mockResponseGeneratoÔÇª
    [90m294| [39m    [34mexpect[39m(enrichText)[33m
.[39m[34mtoHaveBeenCalledWith[39m(expect[33m.[39m[
34many[39m([33mString[39m)[33m,[39m 
[32m'neutr[39mÔÇª
    [90m   | [39m                       [31m^[39m
    [90m295| [39m    [34mexpect[39m(varyStructure)[
33m.[39m[34mtoHaveBeenCalledWith[39m(expect[33m.[39
m[34many[39m([33mString[39m)[33m,[39m 
[32m'ne[39mÔÇª
    [90m296| [39m    [34mexpect[39m(addCreativeFlair
)[33m.[39m[34mtoHaveBeenCalledWith[39m(expect[33m.
[39m[34many[39m([33mString[39m)[33m,[39m ÔÇª

[31m[2mÔÄ»ÔÄ»ÔÄ»ÔÄ»ÔÄ»ÔÄ»ÔÄ»ÔÄ»ÔÄ»ÔÄ»ÔÄ»ÔÄ»ÔÄ»ÔÄ»ÔÄ»ÔÄ
»ÔÄ»ÔÄ»ÔÄ»ÔÄ»ÔÄ»ÔÄ»ÔÄ»ÔÄ»[3/5]ÔÄ»[22m[39m

[31m[1m[7m FAIL [27m[22m[39m 
tests/messageCreate.test.mjs[2m > [22mmessageCreate 
event[2m > [22mshould record interaction metrics
[31m[1mAssertionError[22m: expected "spy" to be 
called with arguments: [ { userId: 'userId', ÔÇª(5) } 
][90m

Received: 

[31m[90m

Number of calls: [1m0[22m
[31m[39m
[36m [2mÔØ»[22m 
tests/messageCreate.test.mjs:[2m304:31[22m[39m
    [90m302| [39m    [35mawait[39m messageCreateEven
t[33m.[39m[34mexecute[39m(mockMessage[33m,[39m 
mockResponseGeneratoÔÇª
    [90m303| [39m    
console[33m.[39m[34mlog[39m([32m'recordInteraction 
calls:'[39m[33m,[39m 
recordInteraction[33m.[39mmock[33m.[39mcalÔÇª
    [90m304| [39m    [34mexpect[39m(recordInteractio
n)[33m.[39m[34mtoHaveBeenCalledWith[39m({
    [90m   | [39m                              
[31m^[39m
    [90m305| [39m      userId[33m:[39m 
[32m'userId'[39m[33m,[39m
    [90m306| [39m      userMessage[33m:[39m 
[32m'Ol├í Luana, como voc├¬ est├í?'[39m[33m,[39m

[31m[2mÔÄ»ÔÄ»ÔÄ»ÔÄ»ÔÄ»ÔÄ»ÔÄ»ÔÄ»ÔÄ»ÔÄ»ÔÄ»ÔÄ»ÔÄ»ÔÄ»ÔÄ»ÔÄ
»ÔÄ»ÔÄ»ÔÄ»ÔÄ»ÔÄ»ÔÄ»ÔÄ»ÔÄ»[4/5]ÔÄ»[22m[39m

[31m[1m[7m FAIL [27m[22m[39m 
tests/messageCreate.test.mjs[2m > [22mmessageCreate 
event[2m > [22mshould handle follow-up responses
[31m[1mAssertionError[22m: expected "spy" to be 
called at least once[39m
[36m [2mÔØ»[22m 
tests/messageCreate.test.mjs:[2m324:44[22m[39m
    [90m322| [39m    [34mexpect[39m(autoRespondStand
ardCases)[33m.[39m[34mtoHaveBeenCalledWith[39m(mockM
essage[33m.[39mÔÇª
    [90m323| [39m    [34mexpect[39m(mockMessage[33m
.[39mmentions[33m.[39mhas)[33m.[39m[34mtoHaveBeenC
alledWith[39m(mockMessage[33m.[39mÔÇª
    [90m324| [39m    [34mexpect[39m(mockMessage[33m
.[39mchannel[33m.[39msendTyping)[33m.[39m[34mtoHav
eBeenCalled[39m()[33m;[39m
    [90m   | [39m                                     
      [31m^[39m
    [90m325| [39m    [34mexpect[39m(mockMessage[33m
.[39mreply)[33m.[39m[34mtoHaveBeenCalledWith[39m([
32m'Ol├í! Como posso aj[39mÔÇª
    [90m326| [39m  })[33m;[39m

[31m[2mÔÄ»ÔÄ»ÔÄ»ÔÄ»ÔÄ»ÔÄ»ÔÄ»ÔÄ»ÔÄ»ÔÄ»ÔÄ»ÔÄ»ÔÄ»ÔÄ»ÔÄ»ÔÄ
»ÔÄ»ÔÄ»ÔÄ»ÔÄ»ÔÄ»ÔÄ»ÔÄ»ÔÄ»[5/5]ÔÄ»[22m[39m

[31m   [33mÔØ»[31m tests/messageCreate.test.mjs[2m > [22mmessageCreate event[2m > [22mshould process message if bot is mentioned[39m
[31m     ÔåÆ expected "spy" to be called at least once[39m
[31m   [33mÔØ»[31m tests/messageCreate.test.mjs[2m > [22mmessageCreate event[2m > [22mshould process message if bot name is in content[39m
[31m     ÔåÆ expected "spy" to be called at least once[39m
[31m   [33mÔØ»[31m tests/messageCreate.test.mjs[2m > [22mmessageCreate event[2m > [22mshould apply linguistic variety functions[39m
[31m     ÔåÆ expected "spy" to be called with arguments: [ Any<String>, 'neutral', 'greeting' ][90m

Received: 

[31m[90m

Number of calls: [1m0[22m
[31m[39m
[31m   [33mÔØ»[31m tests/messageCreate.test.mjs[2m > [22mmessageCreate event[2m > [22mshould record interaction metrics[39m
[31m     ÔåÆ expected "spy" to be called with arguments: [ { userId: 'userId', ÔÇª(5) } ][90m

Received: 

[31m[90m

Number of calls: [1m0[22m
[31m[39m
[31m   [33mÔØ»[31m tests/messageCreate.test.mjs[2m > [22mmessageCreate event[2m > [22mshould handle follow-up responses[39m
[31m     ÔåÆ expected "spy" to be called at least once[39m

[2m Test Files [22m [1m[31m1 failed[39m[22m[90m (1)[39m
[2m      Tests [22m [1m[31m5 failed[39m[22m[2m | [22m[1m[32m2 passed[39m[22m[90m (7)[39m
[2m   Start at [22m 17:55:31
[2m   Duration [22m 2.86s


[1m[7m[31m FAIL [39m[27m[22m[31m Tests failed. Watching for file changes...[39m
       [2mpress [22m[1mh[22m[2m to show help[22m[2m, [22m[2mpress [22m[1mq[22m[2m to quit[22m
       [34mrerun x1[39m
[2K[1A[2K[G[3Jc
[7m[1m[34m RERUN [39m[22m[27m[2m src/events/messageCreate.js[22m [34mx2[39m

[90mstdout[2m | tests/messageCreate.test.mjs[2m > [22m[2mmessageCreate event[2m > [22m[2mshould record interaction metrics[22m[39m
Teste: should record interaction metrics
recordInteraction calls: []

[90mstdout[2m | tests/messageCreate.test.mjs[2m > [22m[2mmessageCreate event[2m > [22m[2mshould handle follow-up responses[22m[39m
Teste: should handle follow-up responses
autoRespondStandardCases calls: [
  [
    [32m'Qual ├® a capital da Fran├ºa?'[39m,
    [32m'userId'[39m,
    {
      type: [32m'text'[39m,
      sendTyping: [36m[Function][39m,
      send: [36m[Function][39m,
      messages: [36m[Object][39m
    }
  ]
]
Valor de retorno de autoRespondStandardCases: [33mfalse[39m
sendTyping calls: []

 [33mÔØ»[39m tests/messageCreate.test.mjs [2m ([22m[2m7 tests[22m [2m|[22m [31m5 failed[39m[2m)[22m[90m 77[2mms[22m[39m
[31m   [33mÔØ»[31m tests/messageCreate.test.mjs[2m > [22mmessageCreate event[2m > [22mshould process message if bot is mentioned[39m
[31m     ÔåÆ expected "spy" to be called at least once[39m
[31m   [33mÔØ»[31m tests/messageCreate.test.mjs[2m > [22mmessageCreate event[2m > [22mshould process message if bot name is in content[39m
[31m     ÔåÆ expected "spy" to be called at least once[39m
[31m   [33mÔØ»[31m tests/messageCreate.test.mjs[2m > [22mmessageCreate event[2m > [22mshould apply linguistic variety functions[39m
[31m     ÔåÆ expected "spy" to be called with arguments: [ Any<String>, 'neutral', 'greeting' ][90m

Received: 

[31m[90m

Number of calls: [1m0[22m
[31m[39m
[31m   [33mÔØ»[31m tests/messageCreate.test.mjs[2m > [22mmessageCreate event[2m > [22mshould record interaction metrics[39m
[31m     ÔåÆ expected "spy" to be called with arguments: [ { userId: 'userId', ÔÇª(5) } ][90m

Received: 

[31m[90m

Number of calls: [1m0[22m
[31m[39m
[31m   [33mÔØ»[31m tests/messageCreate.test.mjs[2m > [22mmessageCreate event[2m > [22mshould handle follow-up responses[39m
[31m     ÔåÆ expected "spy" to be called at least once[39m

[31mÔÄ»ÔÄ»ÔÄ»ÔÄ»ÔÄ»ÔÄ»ÔÄ»[1m[7m Failed Tests 5 
[27m[22mÔÄ»ÔÄ»ÔÄ»ÔÄ»ÔÄ»ÔÄ»ÔÄ»[39m

[31m[1m[7m FAIL [27m[22m[39m 
tests/messageCreate.test.mjs[2m > [22mmessageCreate 
event[2m > [22mshould process message if bot is 
mentioned
[31m[1mAssertionError[22m: expected "spy" to be 
called at least once[39m
[36m [2mÔØ»[22m 
tests/messageCreate.test.mjs:[2m278:44[22m[39m
    [90m276| [39m  [34mit[39m([32m'should process 
message if bot is mentioned'[39m[33m,[39m 
[35masync[39m () [33m=>[39m {
    [90m277| [39m    [35mawait[39m messageCreateEven
t[33m.[39m[34mexecute[39m(mockMessage[33m,[39m 
mockResponseGeneratoÔÇª
    [90m278| [39m    [34mexpect[39m(mockMessage[33m
.[39mchannel[33m.[39msendTyping)[33m.[39m[34mtoHav
eBeenCalled[39m()[33m;[39m
    [90m   | [39m                                     
      [31m^[39m
    [90m279| [39m    [34mexpect[39m(mockMessage[33m
.[39mreply)[33m.[39m[34mtoHaveBeenCalledWith[39m([
32m'Ol├í! Como posso aj[39mÔÇª
    [90m280| [39m    [34mexpect[39m(recordInteractio
n)[33m.[39m[34mtoHaveBeenCalledTimes[39m([34m1[39m
)[33m;[39m

[31m[2mÔÄ»ÔÄ»ÔÄ»ÔÄ»ÔÄ»ÔÄ»ÔÄ»ÔÄ»ÔÄ»ÔÄ»ÔÄ»ÔÄ»ÔÄ»ÔÄ»ÔÄ»ÔÄ
»ÔÄ»ÔÄ»ÔÄ»ÔÄ»ÔÄ»ÔÄ»ÔÄ»ÔÄ»[1/5]ÔÄ»[22m[39m

[31m[1m[7m FAIL [27m[22m[39m 
tests/messageCreate.test.mjs[2m > [22mmessageCreate 
event[2m > [22mshould process message if bot name is 
in content
[31m[1mAssertionError[22m: expected "spy" to be 
called at least once[39m
[36m [2mÔØ»[22m 
tests/messageCreate.test.mjs:[2m287:44[22m[39m
    [90m285| [39m    mockMessage[33m.[39mcontent 
[33m=[39m [32m'Luana, me diga algo.'[39m[33m;[39m
    [90m286| [39m    [35mawait[39m messageCreateEven
t[33m.[39m[34mexecute[39m(mockMessage[33m,[39m 
mockResponseGeneratoÔÇª
    [90m287| [39m    [34mexpect[39m(mockMessage[33m
.[39mchannel[33m.[39msendTyping)[33m.[39m[34mtoHav
eBeenCalled[39m()[33m;[39m
    [90m   | [39m                                     
      [31m^[39m
    [90m288| [39m    [34mexpect[39m(mockMessage[33m
.[39mreply)[33m.[39m[34mtoHaveBeenCalledWith[39m([
32m'Ol├í! Como posso aj[39mÔÇª
    [90m289| [39m    [34mexpect[39m(recordInteractio
n)[33m.[39m[34mtoHaveBeenCalledTimes[39m([34m1[39m
)[33m;[39m

[31m[2mÔÄ»ÔÄ»ÔÄ»ÔÄ»ÔÄ»ÔÄ»ÔÄ»ÔÄ»ÔÄ»ÔÄ»ÔÄ»ÔÄ»ÔÄ»ÔÄ»ÔÄ»ÔÄ
»ÔÄ»ÔÄ»ÔÄ»ÔÄ»ÔÄ»ÔÄ»ÔÄ»ÔÄ»[2/5]ÔÄ»[22m[39m

[31m[1m[7m FAIL [27m[22m[39m 
tests/messageCreate.test.mjs[2m > [22mmessageCreate 
event[2m > [22mshould apply linguistic variety 
functions
[31m[1mAssertionError[22m: expected "spy" to be 
called with arguments: [ Any<String>, 'neutral', 
'greeting' ][90m

Received: 

[31m[90m

Number of calls: [1m0[22m
[31m[39m
[36m [2mÔØ»[22m 
tests/messageCreate.test.mjs:[2m294:24[22m[39m
    [90m292| [39m  [34mit[39m([32m'should apply 
linguistic variety functions'[39m[33m,[39m 
[35masync[39m () [33m=>[39m {
    [90m293| [39m    [35mawait[39m messageCreateEven
t[33m.[39m[34mexecute[39m(mockMessage[33m,[39m 
mockResponseGeneratoÔÇª
    [90m294| [39m    [34mexpect[39m(enrichText)[33m
.[39m[34mtoHaveBeenCalledWith[39m(expect[33m.[39m[
34many[39m([33mString[39m)[33m,[39m 
[32m'neutr[39mÔÇª
    [90m   | [39m                       [31m^[39m
    [90m295| [39m    [34mexpect[39m(varyStructure)[
33m.[39m[34mtoHaveBeenCalledWith[39m(expect[33m.[39
m[34many[39m([33mString[39m)[33m,[39m 
[32m'ne[39mÔÇª
    [90m296| [39m    [34mexpect[39m(addCreativeFlair
)[33m.[39m[34mtoHaveBeenCalledWith[39m(expect[33m.
[39m[34many[39m([33mString[39m)[33m,[39m ÔÇª

[31m[2mÔÄ»ÔÄ»ÔÄ»ÔÄ»ÔÄ»ÔÄ»ÔÄ»ÔÄ»ÔÄ»ÔÄ»ÔÄ»ÔÄ»ÔÄ»ÔÄ»ÔÄ»ÔÄ
»ÔÄ»ÔÄ»ÔÄ»ÔÄ»ÔÄ»ÔÄ»ÔÄ»ÔÄ»[3/5]ÔÄ»[22m[39m

[31m[1m[7m FAIL [27m[22m[39m 
tests/messageCreate.test.mjs[2m > [22mmessageCreate 
event[2m > [22mshould record interaction metrics
[31m[1mAssertionError[22m: expected "spy" to be 
called with arguments: [ { userId: 'userId', ÔÇª(5) } 
][90m

Received: 

[31m[90m

Number of calls: [1m0[22m
[31m[39m
[36m [2mÔØ»[22m 
tests/messageCreate.test.mjs:[2m304:31[22m[39m
    [90m302| [39m    [35mawait[39m messageCreateEven
t[33m.[39m[34mexecute[39m(mockMessage[33m,[39m 
mockResponseGeneratoÔÇª
    [90m303| [39m    
console[33m.[39m[34mlog[39m([32m'recordInteraction 
calls:'[39m[33m,[39m 
recordInteraction[33m.[39mmock[33m.[39mcalÔÇª
    [90m304| [39m    [34mexpect[39m(recordInteractio
n)[33m.[39m[34mtoHaveBeenCalledWith[39m({
    [90m   | [39m                              
[31m^[39m
    [90m305| [39m      userId[33m:[39m 
[32m'userId'[39m[33m,[39m
    [90m306| [39m      userMessage[33m:[39m 
[32m'Ol├í Luana, como voc├¬ est├í?'[39m[33m,[39m

[31m[2mÔÄ»ÔÄ»ÔÄ»ÔÄ»ÔÄ»ÔÄ»ÔÄ»ÔÄ»ÔÄ»ÔÄ»ÔÄ»ÔÄ»ÔÄ»ÔÄ»ÔÄ»ÔÄ
»ÔÄ»ÔÄ»ÔÄ»ÔÄ»ÔÄ»ÔÄ»ÔÄ»ÔÄ»[4/5]ÔÄ»[22m[39m

[31m[1m[7m FAIL [27m[22m[39m 
tests/messageCreate.test.mjs[2m > [22mmessageCreate 
event[2m > [22mshould handle follow-up responses
[31m[1mAssertionError[22m: expected "spy" to be 
called at least once[39m
[36m [2mÔØ»[22m 
tests/messageCreate.test.mjs:[2m324:44[22m[39m
    [90m322| [39m    [34mexpect[39m(autoRespondStand
ardCases)[33m.[39m[34mtoHaveBeenCalledWith[39m(mockM
essage[33m.[39mÔÇª
    [90m323| [39m    [34mexpect[39m(mockMessage[33m
.[39mmentions[33m.[39mhas)[33m.[39m[34mtoHaveBeenC
alledWith[39m(mockMessage[33m.[39mÔÇª
    [90m324| [39m    [34mexpect[39m(mockMessage[33m
.[39mchannel[33m.[39msendTyping)[33m.[39m[34mtoHav
eBeenCalled[39m()[33m;[39m
    [90m   | [39m                                     
      [31m^[39m
    [90m325| [39m    [34mexpect[39m(mockMessage[33m
.[39mreply)[33m.[39m[34mtoHaveBeenCalledWith[39m([
32m'Ol├í! Como posso aj[39mÔÇª
    [90m326| [39m  })[33m;[39m

[31m[2mÔÄ»ÔÄ»ÔÄ»ÔÄ»ÔÄ»ÔÄ»ÔÄ»ÔÄ»ÔÄ»ÔÄ»ÔÄ»ÔÄ»ÔÄ»ÔÄ»ÔÄ»ÔÄ
»ÔÄ»ÔÄ»ÔÄ»ÔÄ»ÔÄ»ÔÄ»ÔÄ»ÔÄ»[5/5]ÔÄ»[22m[39m

[2m Test Files [22m [1m[31m1 failed[39m[22m[90m (1)[39m
[2m      Tests [22m [1m[31m5 failed[39m[22m[2m | [22m[1m[32m2 passed[39m[22m[90m (7)[39m
[2m   Start at [22m 17:55:38
[2m   Duration [22m 2.24s


[1m[7m[31m FAIL [39m[27m[22m[31m Tests failed. Watching for file changes...[39m
       [2mpress [22m[1mh[22m[2m to show help[22m[2m, [22m[2mpress [22m[1mq[22m[2m to quit[22m
       [34mrerun x2[39m
[2K[1A[2K[G       [90mrerun x2[39m
[2K[1A[2K[G       [2m[90mrerun x2[39m[22m
[2K[1A[2K[G[3Jc
[7m[1m[34m RERUN [39m[22m[27m[2m package.json[22m [34mx3[39m

[90mstdout[2m | tests/messageCreate.test.mjs[2m > [22m[2mmessageCreate event[2m > [22m[2mshould record interaction metrics[22m[39m
Teste: should record interaction metrics
recordInteraction calls: []

[90mstdout[2m | tests/messageCreate.test.mjs[2m > [22m[2mmessageCreate event[2m > [22m[2mshould handle follow-up responses[22m[39m
Teste: should handle follow-up responses
autoRespondStandardCases calls: [
  [
    [32m'Qual ├® a capital da Fran├ºa?'[39m,
    [32m'userId'[39m,
    {
      type: [32m'text'[39m,
      sendTyping: [36m[Function][39m,
      send: [36m[Function][39m,
      messages: [36m[Object][39m
    }
  ]
]
Valor de retorno de autoRespondStandardCases: [33mfalse[39m
sendTyping calls: []

 [33mÔØ»[39m tests/messageCreate.test.mjs [2m ([22m[2m7 tests[22m [2m|[22m [31m5 failed[39m[2m)[22m[90m 126[2mms[22m[39m
[31m   [33mÔØ»[31m tests/messageCreate.test.mjs[2m > [22mmessageCreate event[2m > [22mshould process message if bot is mentioned[39m
[31m     ÔåÆ expected "spy" to be called at least once[39m
[31m   [33mÔØ»[31m tests/messageCreate.test.mjs[2m > [22mmessageCreate event[2m > [22mshould process message if bot name is in content[39m
[31m     ÔåÆ expected "spy" to be called at least once[39m
[31m   [33mÔØ»[31m tests/messageCreate.test.mjs[2m > [22mmessageCreate event[2m > [22mshould apply linguistic variety functions[39m
[31m     ÔåÆ expected "spy" to be called with arguments: [ Any<String>, 'neutral', 'greeting' ][90m

Received: 

[31m[90m

Number of calls: [1m0[22m
[31m[39m
[31m   [33mÔØ»[31m tests/messageCreate.test.mjs[2m > [22mmessageCreate event[2m > [22mshould record interaction metrics[39m
[31m     ÔåÆ expected "spy" to be called with arguments: [ { userId: 'userId', ÔÇª(5) } ][90m

Received: 

[31m[90m

Number of calls: [1m0[22m
[31m[39m
[31m   [33mÔØ»[31m tests/messageCreate.test.mjs[2m > [22mmessageCreate event[2m > [22mshould handle follow-up responses[39m
[31m     ÔåÆ expected "spy" to be called at least once[39m

[31mÔÄ»ÔÄ»ÔÄ»ÔÄ»ÔÄ»ÔÄ»ÔÄ»[1m[7m Failed Tests 5 
[27m[22mÔÄ»ÔÄ»ÔÄ»ÔÄ»ÔÄ»ÔÄ»ÔÄ»[39m

[31m[1m[7m FAIL [27m[22m[39m 
tests/messageCreate.test.mjs[2m > [22mmessageCreate 
event[2m > [22mshould process message if bot is 
mentioned
[31m[1mAssertionError[22m: expected "spy" to be 
called at least once[39m
[36m [2mÔØ»[22m 
tests/messageCreate.test.mjs:[2m278:44[22m[39m
    [90m276| [39m  [34mit[39m([32m'should process 
message if bot is mentioned'[39m[33m,[39m 
[35masync[39m () [33m=>[39m {
    [90m277| [39m    [35mawait[39m messageCreateEven
t[33m.[39m[34mexecute[39m(mockMessage[33m,[39m 
mockResponseGeneratoÔÇª
    [90m278| [39m    [34mexpect[39m(mockMessage[33m
.[39mchannel[33m.[39msendTyping)[33m.[39m[34mtoHav
eBeenCalled[39m()[33m;[39m
    [90m   | [39m                                     
      [31m^[39m
    [90m279| [39m    [34mexpect[39m(mockMessage[33m
.[39mreply)[33m.[39m[34mtoHaveBeenCalledWith[39m([
32m'Ol├í! Como posso aj[39mÔÇª
    [90m280| [39m    [34mexpect[39m(recordInteractio
n)[33m.[39m[34mtoHaveBeenCalledTimes[39m([34m1[39m
)[33m;[39m

[31m[2mÔÄ»ÔÄ»ÔÄ»ÔÄ»ÔÄ»ÔÄ»ÔÄ»ÔÄ»ÔÄ»ÔÄ»ÔÄ»ÔÄ»ÔÄ»ÔÄ»ÔÄ»ÔÄ
»ÔÄ»ÔÄ»ÔÄ»ÔÄ»ÔÄ»ÔÄ»ÔÄ»ÔÄ»[1/5]ÔÄ»[22m[39m

[31m[1m[7m FAIL [27m[22m[39m 
tests/messageCreate.test.mjs[2m > [22mmessageCreate 
event[2m > [22mshould process message if bot name is 
in content
[31m[1mAssertionError[22m: expected "spy" to be 
called at least once[39m
[36m [2mÔØ»[22m 
tests/messageCreate.test.mjs:[2m287:44[22m[39m
    [90m285| [39m    mockMessage[33m.[39mcontent 
[33m=[39m [32m'Luana, me diga algo.'[39m[33m;[39m
    [90m286| [39m    [35mawait[39m messageCreateEven
t[33m.[39m[34mexecute[39m(mockMessage[33m,[39m 
mockResponseGeneratoÔÇª
    [90m287| [39m    [34mexpect[39m(mockMessage[33m
.[39mchannel[33m.[39msendTyping)[33m.[39m[34mtoHav
eBeenCalled[39m()[33m;[39m
    [90m   | [39m                                     
      [31m^[39m
    [90m288| [39m    [34mexpect[39m(mockMessage[33m
.[39mreply)[33m.[39m[34mtoHaveBeenCalledWith[39m([
32m'Ol├í! Como posso aj[39mÔÇª
    [90m289| [39m    [34mexpect[39m(recordInteractio
n)[33m.[39m[34mtoHaveBeenCalledTimes[39m([34m1[39m
)[33m;[39m

[31m[2mÔÄ»ÔÄ»ÔÄ»ÔÄ»ÔÄ»ÔÄ»ÔÄ»ÔÄ»ÔÄ»ÔÄ»ÔÄ»ÔÄ»ÔÄ»ÔÄ»ÔÄ»ÔÄ
»ÔÄ»ÔÄ»ÔÄ»ÔÄ»ÔÄ»ÔÄ»ÔÄ»ÔÄ»[2/5]ÔÄ»[22m[39m

[31m[1m[7m FAIL [27m[22m[39m 
tests/messageCreate.test.mjs[2m > [22mmessageCreate 
event[2m > [22mshould apply linguistic variety 
functions
[31m[1mAssertionError[22m: expected "spy" to be 
called with arguments: [ Any<String>, 'neutral', 
'greeting' ][90m

Received: 

[31m[90m

Number of calls: [1m0[22m
[31m[39m
[36m [2mÔØ»[22m 
tests/messageCreate.test.mjs:[2m294:24[22m[39m
    [90m292| [39m  [34mit[39m([32m'should apply 
linguistic variety functions'[39m[33m,[39m 
[35masync[39m () [33m=>[39m {
    [90m293| [39m    [35mawait[39m messageCreateEven
t[33m.[39m[34mexecute[39m(mockMessage[33m,[39m 
mockResponseGeneratoÔÇª
    [90m294| [39m    [34mexpect[39m(enrichText)[33m
.[39m[34mtoHaveBeenCalledWith[39m(expect[33m.[39m[
34many[39m([33mString[39m)[33m,[39m 
[32m'neutr[39mÔÇª
    [90m   | [39m                       [31m^[39m
    [90m295| [39m    [34mexpect[39m(varyStructure)[
33m.[39m[34mtoHaveBeenCalledWith[39m(expect[33m.[39
m[34many[39m([33mString[39m)[33m,[39m 
[32m'ne[39mÔÇª
    [90m296| [39m    [34mexpect[39m(addCreativeFlair
)[33m.[39m[34mtoHaveBeenCalledWith[39m(expect[33m.
[39m[34many[39m([33mString[39m)[33m,[39m ÔÇª

[31m[2mÔÄ»ÔÄ»ÔÄ»ÔÄ»ÔÄ»ÔÄ»ÔÄ»ÔÄ»ÔÄ»ÔÄ»ÔÄ»ÔÄ»ÔÄ»ÔÄ»ÔÄ»ÔÄ
»ÔÄ»ÔÄ»ÔÄ»ÔÄ»ÔÄ»ÔÄ»ÔÄ»ÔÄ»[3/5]ÔÄ»[22m[39m

[31m[1m[7m FAIL [27m[22m[39m 
tests/messageCreate.test.mjs[2m > [22mmessageCreate 
event[2m > [22mshould record interaction metrics
[31m[1mAssertionError[22m: expected "spy" to be 
called with arguments: [ { userId: 'userId', ÔÇª(5) } 
][90m

Received: 

[31m[90m

Number of calls: [1m0[22m
[31m[39m
[36m [2mÔØ»[22m 
tests/messageCreate.test.mjs:[2m304:31[22m[39m
    [90m302| [39m    [35mawait[39m messageCreateEven
t[33m.[39m[34mexecute[39m(mockMessage[33m,[39m 
mockResponseGeneratoÔÇª
    [90m303| [39m    
console[33m.[39m[34mlog[39m([32m'recordInteraction 
calls:'[39m[33m,[39m 
recordInteraction[33m.[39mmock[33m.[39mcalÔÇª
    [90m304| [39m    [34mexpect[39m(recordInteractio
n)[33m.[39m[34mtoHaveBeenCalledWith[39m({
    [90m   | [39m                              
[31m^[39m
    [90m305| [39m      userId[33m:[39m 
[32m'userId'[39m[33m,[39m
    [90m306| [39m      userMessage[33m:[39m 
[32m'Ol├í Luana, como voc├¬ est├í?'[39m[33m,[39m

[31m[2mÔÄ»ÔÄ»ÔÄ»ÔÄ»ÔÄ»ÔÄ»ÔÄ»ÔÄ»ÔÄ»ÔÄ»ÔÄ»ÔÄ»ÔÄ»ÔÄ»ÔÄ»ÔÄ
»ÔÄ»ÔÄ»ÔÄ»ÔÄ»ÔÄ»ÔÄ»ÔÄ»ÔÄ»[4/5]ÔÄ»[22m[39m

[31m[1m[7m FAIL [27m[22m[39m 
tests/messageCreate.test.mjs[2m > [22mmessageCreate 
event[2m > [22mshould handle follow-up responses
[31m[1mAssertionError[22m: expected "spy" to be 
called at least once[39m
[36m [2mÔØ»[22m 
tests/messageCreate.test.mjs:[2m324:44[22m[39m
    [90m322| [39m    [34mexpect[39m(autoRespondStand
ardCases)[33m.[39m[34mtoHaveBeenCalledWith[39m(mockM
essage[33m.[39mÔÇª
    [90m323| [39m    [34mexpect[39m(mockMessage[33m
.[39mmentions[33m.[39mhas)[33m.[39m[34mtoHaveBeenC
alledWith[39m(mockMessage[33m.[39mÔÇª
    [90m324| [39m    [34mexpect[39m(mockMessage[33m
.[39mchannel[33m.[39msendTyping)[33m.[39m[34mtoHav
eBeenCalled[39m()[33m;[39m
    [90m   | [39m                                     
      [31m^[39m
    [90m325| [39m    [34mexpect[39m(mockMessage[33m
.[39mreply)[33m.[39m[34mtoHaveBeenCalledWith[39m([
32m'Ol├í! Como posso aj[39mÔÇª
    [90m326| [39m  })[33m;[39m

[31m[2mÔÄ»ÔÄ»ÔÄ»ÔÄ»ÔÄ»ÔÄ»ÔÄ»ÔÄ»ÔÄ»ÔÄ»ÔÄ»ÔÄ»ÔÄ»ÔÄ»ÔÄ»ÔÄ
»ÔÄ»ÔÄ»ÔÄ»ÔÄ»ÔÄ»ÔÄ»ÔÄ»ÔÄ»[5/5]ÔÄ»[22m[39m

[2m Test Files [22m [1m[31m1 failed[39m[22m[90m (1)[39m
[2m      Tests [22m [1m[31m5 failed[39m[22m[2m | [22m[1m[32m2 passed[39m[22m[90m (7)[39m
[2m   Start at [22m 22:59:02
[2m   Duration [22m 5.38s


[1m[7m[31m FAIL [39m[27m[22m[31m Tests failed. Watching for file changes...[39m
       [2mpress [22m[1mh[22m[2m to show help[22m[2m, [22m[2mpress [22m[1mq[22m[2m to quit[22m
       [34mrerun x3[39m
[2K[1A[2K[G       [90mrerun x3[39m
[2K[1A[2K[G       [2m[90mrerun x3[39m[22m
[2K[1A[2K[G[3Jc
[7m[1m[34m RERUN [39m[22m[27m[2m package.json[22m [34mx4[39m

[90mstdout[2m | tests/messageCreate.test.mjs[2m > [22m[2mmessageCreate event[2m > [22m[2mshould record interaction metrics[22m[39m
Teste: should record interaction metrics
recordInteraction calls: []

[90mstdout[2m | tests/messageCreate.test.mjs[2m > [22m[2mmessageCreate event[2m > [22m[2mshould handle follow-up responses[22m[39m
Teste: should handle follow-up responses
autoRespondStandardCases calls: [
  [
    [32m'Qual ├® a capital da Fran├ºa?'[39m,
    [32m'userId'[39m,
    {
      type: [32m'text'[39m,
      sendTyping: [36m[Function][39m,
      send: [36m[Function][39m,
      messages: [36m[Object][39m
    }
  ]
]
Valor de retorno de autoRespondStandardCases: [33mfalse[39m
sendTyping calls: []

 [33mÔØ»[39m tests/messageCreate.test.mjs [2m ([22m[2m7 tests[22m [2m|[22m [31m5 failed[39m[2m)[22m[33m 1913[2mms[22m[39m
[31m   [33mÔØ»[31m tests/messageCreate.test.mjs[2m > [22mmessageCreate event[2m > [22mshould process message if bot is mentioned[39m
[31m     ÔåÆ expected "spy" to be called at least once[39m
[31m   [33mÔØ»[31m tests/messageCreate.test.mjs[2m > [22mmessageCreate event[2m > [22mshould process message if bot name is in content[39m
[31m     ÔåÆ expected "spy" to be called at least once[39m
[31m   [33mÔØ»[31m tests/messageCreate.test.mjs[2m > [22mmessageCreate event[2m > [22mshould apply linguistic variety functions[39m
[31m     ÔåÆ expected "spy" to be called with arguments: [ Any<String>, 'neutral', 'greeting' ][90m

Received: 

[31m[90m

Number of calls: [1m0[22m
[31m[39m
[31m   [33mÔØ»[31m tests/messageCreate.test.mjs[2m > [22mmessageCreate event[2m > [22mshould record interaction metrics[39m
[31m     ÔåÆ expected "spy" to be called with arguments: [ { userId: 'userId', ÔÇª(5) } ][90m

Received: 

[31m[90m

Number of calls: [1m0[22m
[31m[39m
[31m   [33mÔØ»[31m tests/messageCreate.test.mjs[2m > [22mmessageCreate event[2m > [22mshould handle follow-up responses[39m
[31m     ÔåÆ expected "spy" to be called at least once[39m

[31mÔÄ»ÔÄ»ÔÄ»ÔÄ»ÔÄ»ÔÄ»ÔÄ»[1m[7m Failed Tests 5 
[27m[22mÔÄ»ÔÄ»ÔÄ»ÔÄ»ÔÄ»ÔÄ»ÔÄ»[39m

[31m[1m[7m FAIL [27m[22m[39m 
tests/messageCreate.test.mjs[2m > [22mmessageCreate 
event[2m > [22mshould process message if bot is 
mentioned
[31m[1mAssertionError[22m: expected "spy" to be 
called at least once[39m
[36m [2mÔØ»[22m 
tests/messageCreate.test.mjs:[2m278:44[22m[39m
    [90m276| [39m  [34mit[39m([32m'should process 
message if bot is mentioned'[39m[33m,[39m 
[35masync[39m () [33m=>[39m {
    [90m277| [39m    [35mawait[39m messageCreateEven
t[33m.[39m[34mexecute[39m(mockMessage[33m,[39m 
mockResponseGeneratoÔÇª
    [90m278| [39m    [34mexpect[39m(mockMessage[33m
.[39mchannel[33m.[39msendTyping)[33m.[39m[34mtoHav
eBeenCalled[39m()[33m;[39m
    [90m   | [39m                                     
      [31m^[39m
    [90m279| [39m    [34mexpect[39m(mockMessage[33m
.[39mreply)[33m.[39m[34mtoHaveBeenCalledWith[39m([
32m'Ol├í! Como posso aj[39mÔÇª
    [90m280| [39m    [34mexpect[39m(recordInteractio
n)[33m.[39m[34mtoHaveBeenCalledTimes[39m([34m1[39m
)[33m;[39m

[31m[2mÔÄ»ÔÄ»ÔÄ»ÔÄ»ÔÄ»ÔÄ»ÔÄ»ÔÄ»ÔÄ»ÔÄ»ÔÄ»ÔÄ»ÔÄ»ÔÄ»ÔÄ»ÔÄ
»ÔÄ»ÔÄ»ÔÄ»ÔÄ»ÔÄ»ÔÄ»ÔÄ»ÔÄ»[1/5]ÔÄ»[22m[39m

[31m[1m[7m FAIL [27m[22m[39m 
tests/messageCreate.test.mjs[2m > [22mmessageCreate 
event[2m > [22mshould process message if bot name is 
in content
[31m[1mAssertionError[22m: expected "spy" to be 
called at least once[39m
[36m [2mÔØ»[22m 
tests/messageCreate.test.mjs:[2m287:44[22m[39m
    [90m285| [39m    mockMessage[33m.[39mcontent 
[33m=[39m [32m'Luana, me diga algo.'[39m[33m;[39m
    [90m286| [39m    [35mawait[39m messageCreateEven
t[33m.[39m[34mexecute[39m(mockMessage[33m,[39m 
mockResponseGeneratoÔÇª
    [90m287| [39m    [34mexpect[39m(mockMessage[33m
.[39mchannel[33m.[39msendTyping)[33m.[39m[34mtoHav
eBeenCalled[39m()[33m;[39m
    [90m   | [39m                                     
      [31m^[39m
    [90m288| [39m    [34mexpect[39m(mockMessage[33m
.[39mreply)[33m.[39m[34mtoHaveBeenCalledWith[39m([
32m'Ol├í! Como posso aj[39mÔÇª
    [90m289| [39m    [34mexpect[39m(recordInteractio
n)[33m.[39m[34mtoHaveBeenCalledTimes[39m([34m1[39m
)[33m;[39m

[31m[2mÔÄ»ÔÄ»ÔÄ»ÔÄ»ÔÄ»ÔÄ»ÔÄ»ÔÄ»ÔÄ»ÔÄ»ÔÄ»ÔÄ»ÔÄ»ÔÄ»ÔÄ»ÔÄ
»ÔÄ»ÔÄ»ÔÄ»ÔÄ»ÔÄ»ÔÄ»ÔÄ»ÔÄ»[2/5]ÔÄ»[22m[39m

[31m[1m[7m FAIL [27m[22m[39m 
tests/messageCreate.test.mjs[2m > [22mmessageCreate 
event[2m > [22mshould apply linguistic variety 
functions
[31m[1mAssertionError[22m: expected "spy" to be 
called with arguments: [ Any<String>, 'neutral', 
'greeting' ][90m

Received: 

[31m[90m

Number of calls: [1m0[22m
[31m[39m
[36m [2mÔØ»[22m 
tests/messageCreate.test.mjs:[2m294:24[22m[39m
    [90m292| [39m  [34mit[39m([32m'should apply 
linguistic variety functions'[39m[33m,[39m 
[35masync[39m () [33m=>[39m {
    [90m293| [39m    [35mawait[39m messageCreateEven
t[33m.[39m[34mexecute[39m(mockMessage[33m,[39m 
mockResponseGeneratoÔÇª
    [90m294| [39m    [34mexpect[39m(enrichText)[33m
.[39m[34mtoHaveBeenCalledWith[39m(expect[33m.[39m[
34many[39m([33mString[39m)[33m,[39m 
[32m'neutr[39mÔÇª
    [90m   | [39m                       [31m^[39m
    [90m295| [39m    [34mexpect[39m(varyStructure)[
33m.[39m[34mtoHaveBeenCalledWith[39m(expect[33m.[39
m[34many[39m([33mString[39m)[33m,[39m 
[32m'ne[39mÔÇª
    [90m296| [39m    [34mexpect[39m(addCreativeFlair
)[33m.[39m[34mtoHaveBeenCalledWith[39m(expect[33m.
[39m[34many[39m([33mString[39m)[33m,[39m ÔÇª

[31m[2mÔÄ»ÔÄ»ÔÄ»ÔÄ»ÔÄ»ÔÄ»ÔÄ»ÔÄ»ÔÄ»ÔÄ»ÔÄ»ÔÄ»ÔÄ»ÔÄ»ÔÄ»ÔÄ
»ÔÄ»ÔÄ»ÔÄ»ÔÄ»ÔÄ»ÔÄ»ÔÄ»ÔÄ»[3/5]ÔÄ»[22m[39m

[31m[1m[7m FAIL [27m[22m[39m 
tests/messageCreate.test.mjs[2m > [22mmessageCreate 
event[2m > [22mshould record interaction metrics
[31m[1mAssertionError[22m: expected "spy" to be 
called with arguments: [ { userId: 'userId', ÔÇª(5) } 
][90m

Received: 

[31m[90m

Number of calls: [1m0[22m
[31m[39m
[36m [2mÔØ»[22m 
tests/messageCreate.test.mjs:[2m304:31[22m[39m
    [90m302| [39m    [35mawait[39m messageCreateEven
t[33m.[39m[34mexecute[39m(mockMessage[33m,[39m 
mockResponseGeneratoÔÇª
    [90m303| [39m    
console[33m.[39m[34mlog[39m([32m'recordInteraction 
calls:'[39m[33m,[39m 
recordInteraction[33m.[39mmock[33m.[39mcalÔÇª
    [90m304| [39m    [34mexpect[39m(recordInteractio
n)[33m.[39m[34mtoHaveBeenCalledWith[39m({
    [90m   | [39m                              
[31m^[39m
    [90m305| [39m      userId[33m:[39m 
[32m'userId'[39m[33m,[39m
    [90m306| [39m      userMessage[33m:[39m 
[32m'Ol├í Luana, como voc├¬ est├í?'[39m[33m,[39m

[31m[2mÔÄ»ÔÄ»ÔÄ»ÔÄ»ÔÄ»ÔÄ»ÔÄ»ÔÄ»ÔÄ»ÔÄ»ÔÄ»ÔÄ»ÔÄ»ÔÄ»ÔÄ»ÔÄ
»ÔÄ»ÔÄ»ÔÄ»ÔÄ»ÔÄ»ÔÄ»ÔÄ»ÔÄ»[4/5]ÔÄ»[22m[39m

[31m[1m[7m FAIL [27m[22m[39m 
tests/messageCreate.test.mjs[2m > [22mmessageCreate 
event[2m > [22mshould handle follow-up responses
[31m[1mAssertionError[22m: expected "spy" to be 
called at least once[39m
[36m [2mÔØ»[22m 
tests/messageCreate.test.mjs:[2m324:44[22m[39m
    [90m322| [39m    [34mexpect[39m(autoRespondStand
ardCases)[33m.[39m[34mtoHaveBeenCalledWith[39m(mockM
essage[33m.[39mÔÇª
    [90m323| [39m    [34mexpect[39m(mockMessage[33m
.[39mmentions[33m.[39mhas)[33m.[39m[34mtoHaveBeenC
alledWith[39m(mockMessage[33m.[39mÔÇª
    [90m324| [39m    [34mexpect[39m(mockMessage[33m
.[39mchannel[33m.[39msendTyping)[33m.[39m[34mtoHav
eBeenCalled[39m()[33m;[39m
    [90m   | [39m                                     
      [31m^[39m
    [90m325| [39m    [34mexpect[39m(mockMessage[33m
.[39mreply)[33m.[39m[34mtoHaveBeenCalledWith[39m([
32m'Ol├í! Como posso aj[39mÔÇª
    [90m326| [39m  })[33m;[39m

[31m[2mÔÄ»ÔÄ»ÔÄ»ÔÄ»ÔÄ»ÔÄ»ÔÄ»ÔÄ»ÔÄ»ÔÄ»ÔÄ»ÔÄ»ÔÄ»ÔÄ»ÔÄ»ÔÄ
»ÔÄ»ÔÄ»ÔÄ»ÔÄ»ÔÄ»ÔÄ»ÔÄ»ÔÄ»[5/5]ÔÄ»[22m[39m

[2m Test Files [22m [1m[31m1 failed[39m[22m[90m (1)[39m
[2m      Tests [22m [1m[31m5 failed[39m[22m[2m | [22m[1m[32m2 passed[39m[22m[90m (7)[39m
[2m   Start at [22m 22:59:51
[2m   Duration [22m 28.09s


[1m[7m[31m FAIL [39m[27m[22m[31m Tests failed. Watching for file changes...[39m
       [2mpress [22m[1mh[22m[2m to show help[22m[2m, [22m[2mpress [22m[1mq[22m[2m to quit[22m
       [34mrerun x4[39m
[2K[1A[2K[G       [90mrerun x4[39m
[2K[1A[2K[G       [2m[90mrerun x4[39m[22m
[2K[1A[2K[G[3Jc
[7m[1m[34m RERUN [39m[22m[27m[2m src/utils/linguisticVariety.js[22m [34mx5[39m

 [33mÔØ»[39m tests/messageCreate.test.mjs [2m ([22m[2m0 test[22m[2m)[22m

[31mÔÄ»ÔÄ»ÔÄ»ÔÄ»ÔÄ»ÔÄ»[1m[7m Failed Suites 1 
[27m[22mÔÄ»ÔÄ»ÔÄ»ÔÄ»ÔÄ»ÔÄ»ÔÄ»[39m

[31m[1m[7m FAIL [27m[22m[39m 
tests/messageCreate.test.mjs [2m[ 
tests/messageCreate.test.mjs ][22m
[31m[1mError[22m: Failed to load url 
/src/utils/linguisticVariety.js (resolved id: C:/Users/U
ser/OneDrive/Desktop/chatbot.personalizado.js/chatbot.pe
rsonalizado.js/src/utils/linguisticVariety.js) in C:/Use
rs/User/OneDrive/Desktop/chatbot.personalizado.js/chatbo
t.personalizado.js/tests/messageCreate.test.mjs. Does 
the file exist?[39m
[90m [2mÔØ»[22m loadAndTransform node_modules/vite/di
st/node/chunks/dep-BK3b2jBa.js:[2m51969:17[22m[39m

[31m[2mÔÄ»ÔÄ»ÔÄ»ÔÄ»ÔÄ»ÔÄ»ÔÄ»ÔÄ»ÔÄ»ÔÄ»ÔÄ»ÔÄ»ÔÄ»ÔÄ»ÔÄ»ÔÄ
»ÔÄ»ÔÄ»ÔÄ»ÔÄ»ÔÄ»ÔÄ»ÔÄ»ÔÄ»[1/1]ÔÄ»[22m[39m

[2m Test Files [22m [1m[31m1 failed[39m[22m[90m (1)[39m
[2m      Tests [22m [2mno tests[22m
[2m   Start at [22m 23:04:15
[2m   Duration [22m 1ms


[1m[7m[31m FAIL [39m[27m[22m[31m Tests failed. Watching for file changes...[39m
       [2mpress [22m[1mh[22m[2m to show help[22m[2m, [22m[2mpress [22m[1mq[22m[2m to quit[22m
       [34mrerun x5[39m
[2K[1A[2K[G       [90mrerun x5[39m
[2K[1A[2K[G       [2m[90mrerun x5[39m[22m
[2K[1A[2K[G[3Jc
[7m[1m[34m RERUN [39m[22m[27m[2m src/events/messageCreate.js[22m [34mx6[39m

 [33mÔØ»[39m tests/messageCreate.test.mjs [2m ([22m[2m0 test[22m[2m)[22m

[31mÔÄ»ÔÄ»ÔÄ»ÔÄ»ÔÄ»ÔÄ»[1m[7m Failed Suites 1 
[27m[22mÔÄ»ÔÄ»ÔÄ»ÔÄ»ÔÄ»ÔÄ»ÔÄ»[39m

[31m[1m[7m FAIL [27m[22m[39m 
tests/messageCreate.test.mjs [2m[ 
tests/messageCreate.test.mjs ][22m
[31m[1mError[22m: Failed to load url 
/src/utils/linguisticVariety.js (resolved id: C:/Users/U
ser/OneDrive/Desktop/chatbot.personalizado.js/chatbot.pe
rsonalizado.js/src/utils/linguisticVariety.js) in C:/Use
rs/User/OneDrive/Desktop/chatbot.personalizado.js/chatbo
t.personalizado.js/tests/messageCreate.test.mjs. Does 
the file exist?[39m
[90m [2mÔØ»[22m loadAndTransform node_modules/vite/di
st/node/chunks/dep-BK3b2jBa.js:[2m51969:17[22m[39m

[31m[2mÔÄ»ÔÄ»ÔÄ»ÔÄ»ÔÄ»ÔÄ»ÔÄ»ÔÄ»ÔÄ»ÔÄ»ÔÄ»ÔÄ»ÔÄ»ÔÄ»ÔÄ»ÔÄ
»ÔÄ»ÔÄ»ÔÄ»ÔÄ»ÔÄ»ÔÄ»ÔÄ»ÔÄ»[1/1]ÔÄ»[22m[39m

[2m Test Files [22m [1m[31m1 failed[39m[22m[90m (1)[39m
[2m      Tests [22m [2mno tests[22m
[2m   Start at [22m 23:04:36
[2m   Duration [22m 0ms


[1m[7m[31m FAIL [39m[27m[22m[31m Tests failed. Watching for file changes...[39m
       [2mpress [22m[1mh[22m[2m to show help[22m[2m, [22m[2mpress [22m[1mq[22m[2m to quit[22m
       [34mrerun x6[39m
[2K[1A[2K[G[3Jc
[7m[1m[34m RERUN [39m[22m[27m[2m src/events/messageCreate.js[22m [34mx7[39m

 [33mÔØ»[39m tests/messageCreate.test.mjs [2m ([22m[2m0 test[22m[2m)[22m

[31mÔÄ»ÔÄ»ÔÄ»ÔÄ»ÔÄ»ÔÄ»[1m[7m Failed Suites 1 
[27m[22mÔÄ»ÔÄ»ÔÄ»ÔÄ»ÔÄ»ÔÄ»ÔÄ»[39m

[31m[1m[7m FAIL [27m[22m[39m 
tests/messageCreate.test.mjs [2m[ 
tests/messageCreate.test.mjs ][22m
[31m[1mError[22m: Failed to load url 
/src/utils/linguisticVariety.js (resolved id: C:/Users/U
ser/OneDrive/Desktop/chatbot.personalizado.js/chatbot.pe
rsonalizado.js/src/utils/linguisticVariety.js) in C:/Use
rs/User/OneDrive/Desktop/chatbot.personalizado.js/chatbo
t.personalizado.js/tests/messageCreate.test.mjs. Does 
the file exist?[39m
[90m [2mÔØ»[22m loadAndTransform node_modules/vite/di
st/node/chunks/dep-BK3b2jBa.js:[2m51969:17[22m[39m

[31m[2mÔÄ»ÔÄ»ÔÄ»ÔÄ»ÔÄ»ÔÄ»ÔÄ»ÔÄ»ÔÄ»ÔÄ»ÔÄ»ÔÄ»ÔÄ»ÔÄ»ÔÄ»ÔÄ
»ÔÄ»ÔÄ»ÔÄ»ÔÄ»ÔÄ»ÔÄ»ÔÄ»ÔÄ»[1/1]ÔÄ»[22m[39m

[2m Test Files [22m [1m[31m1 failed[39m[22m[90m (1)[39m
[2m      Tests [22m [2mno tests[22m
[2m   Start at [22m 23:04:47
[2m   Duration [22m 0ms


[1m[7m[31m FAIL [39m[27m[22m[31m Tests failed. Watching for file changes...[39m
       [2mpress [22m[1mh[22m[2m to show help[22m[2m, [22m[2mpress [22m[1mq[22m[2m to quit[22m
       [34mrerun x7[39m
[2K[1A[2K[G       [90mrerun x7[39m
[2K[1A[2K[G       [2m[90mrerun x7[39m[22m
[2K[1A[2K[G[3Jc
[7m[1m[34m RERUN [39m[22m[27m[2m src/events/messageCreate.js[22m [34mx8[39m

 [33mÔØ»[39m tests/messageCreate.test.mjs [2m ([22m[2m0 test[22m[2m)[22m

[31mÔÄ»ÔÄ»ÔÄ»ÔÄ»ÔÄ»ÔÄ»[1m[7m Failed Suites 1 
[27m[22mÔÄ»ÔÄ»ÔÄ»ÔÄ»ÔÄ»ÔÄ»ÔÄ»[39m

[31m[1m[7m FAIL [27m[22m[39m 
tests/messageCreate.test.mjs [2m[ 
tests/messageCreate.test.mjs ][22m
[31m[1mError[22m: Failed to load url 
/src/utils/linguisticVariety.js (resolved id: C:/Users/U
ser/OneDrive/Desktop/chatbot.personalizado.js/chatbot.pe
rsonalizado.js/src/utils/linguisticVariety.js) in C:/Use
rs/User/OneDrive/Desktop/chatbot.personalizado.js/chatbo
t.personalizado.js/tests/messageCreate.test.mjs. Does 
the file exist?[39m
[90m [2mÔØ»[22m loadAndTransform node_modules/vite/di
st/node/chunks/dep-BK3b2jBa.js:[2m51969:17[22m[39m

[31m[2mÔÄ»ÔÄ»ÔÄ»ÔÄ»ÔÄ»ÔÄ»ÔÄ»ÔÄ»ÔÄ»ÔÄ»ÔÄ»ÔÄ»ÔÄ»ÔÄ»ÔÄ»ÔÄ
»ÔÄ»ÔÄ»ÔÄ»ÔÄ»ÔÄ»ÔÄ»ÔÄ»ÔÄ»[1/1]ÔÄ»[22m[39m

[2m Test Files [22m [1m[31m1 failed[39m[22m[90m (1)[39m
[2m      Tests [22m [2mno tests[22m
[2m   Start at [22m 23:05:58
[2m   Duration [22m 1ms


[1m[7m[31m FAIL [39m[27m[22m[31m Tests failed. Watching for file changes...[39m
       [2mpress [22m[1mh[22m[2m to show help[22m[2m, [22m[2mpress [22m[1mq[22m[2m to quit[22m
       [34mrerun x8[39m
[2K[1A[2K[G[3Jc
[7m[1m[34m RERUN [39m[22m[27m[2m src/events/messageCreate.js[22m [34mx9[39m

 [33mÔØ»[39m tests/messageCreate.test.mjs [2m ([22m[2m0 test[22m[2m)[22m

[31mÔÄ»ÔÄ»ÔÄ»ÔÄ»ÔÄ»ÔÄ»[1m[7m Failed Suites 1 
[27m[22mÔÄ»ÔÄ»ÔÄ»ÔÄ»ÔÄ»ÔÄ»ÔÄ»[39m

[31m[1m[7m FAIL [27m[22m[39m 
tests/messageCreate.test.mjs [2m[ 
tests/messageCreate.test.mjs ][22m
[31m[1mError[22m: Failed to load url 
/src/utils/linguisticVariety.js (resolved id: C:/Users/U
ser/OneDrive/Desktop/chatbot.personalizado.js/chatbot.pe
rsonalizado.js/src/utils/linguisticVariety.js) in C:/Use
rs/User/OneDrive/Desktop/chatbot.personalizado.js/chatbo
t.personalizado.js/tests/messageCreate.test.mjs. Does 
the file exist?[39m
[90m [2mÔØ»[22m loadAndTransform node_modules/vite/di
st/node/chunks/dep-BK3b2jBa.js:[2m51969:17[22m[39m

[31m[2mÔÄ»ÔÄ»ÔÄ»ÔÄ»ÔÄ»ÔÄ»ÔÄ»ÔÄ»ÔÄ»ÔÄ»ÔÄ»ÔÄ»ÔÄ»ÔÄ»ÔÄ»ÔÄ
»ÔÄ»ÔÄ»ÔÄ»ÔÄ»ÔÄ»ÔÄ»ÔÄ»ÔÄ»[1/1]ÔÄ»[22m[39m

[2m Test Files [22m [1m[31m1 failed[39m[22m[90m (1)[39m
[2m      Tests [22m [2mno tests[22m
[2m   Start at [22m 23:06:08
[2m   Duration [22m 0ms


[1m[7m[31m FAIL [39m[27m[22m[31m Tests failed. Watching for file changes...[39m
       [2mpress [22m[1mh[22m[2m to show help[22m[2m, [22m[2mpress [22m[1mq[22m[2m to quit[22m
       [34mrerun x9[39m
[2K[1A[2K[G[3Jc
[7m[1m[34m RERUN [39m[22m[27m[2m tests/messageCreate.test.mjs[22m [34mx10[39m

 [33mÔØ»[39m tests/messageCreate.test.mjs [2m ([22m[2m0 test[22m[2m)[22m

[31mÔÄ»ÔÄ»ÔÄ»ÔÄ»ÔÄ»ÔÄ»[1m[7m Failed Suites 1 
[27m[22mÔÄ»ÔÄ»ÔÄ»ÔÄ»ÔÄ»ÔÄ»ÔÄ»[39m

[31m[1m[7m FAIL [27m[22m[39m 
tests/messageCreate.test.mjs [2m[ 
tests/messageCreate.test.mjs ][22m
[31m[1mError[22m: Failed to resolve import 
"../src/utils/linguisticVariety" from 
"tests/messageCreate.test.mjs". Does the file 
exist?[39m
[90m [2mÔØ»[22m TransformPluginContext._formatError n
ode_modules/vite/dist/node/chunks/dep-BK3b2jBa.js:[2m49
258:41[22m[39m
[90m [2mÔØ»[22m TransformPluginContext.error node_mod
ules/vite/dist/node/chunks/dep-BK3b2jBa.js:[2m49253:16
[22m[39m
[90m [2mÔØ»[22m normalizeUrl node_modules/vite/dist/n
ode/chunks/dep-BK3b2jBa.js:[2m64307:23[22m[39m
[90m [2mÔØ»[22m async file:/C:/Users/User/OneDrive/De
sktop/chatbot.personalizado.js/chatbot.personalizado.js/
node_modules/vite/dist/node/chunks/dep-BK3b2jBa.js:[2m6
4439:39[22m[39m
[90m [2mÔØ»[22m TransformPluginContext.transform node
_modules/vite/dist/node/chunks/dep-BK3b2jBa.js:[2m64366
:7[22m[39m
[90m [2mÔØ»[22m PluginContainer.transform node_module
s/vite/dist/node/chunks/dep-BK3b2jBa.js:[2m49099:18[22
m[39m
[90m [2mÔØ»[22m loadAndTransform node_modules/vite/di
st/node/chunks/dep-BK3b2jBa.js:[2m51978:27[22m[39m

[31m[2mÔÄ»ÔÄ»ÔÄ»ÔÄ»ÔÄ»ÔÄ»ÔÄ»ÔÄ»ÔÄ»ÔÄ»ÔÄ»ÔÄ»ÔÄ»ÔÄ»ÔÄ»ÔÄ
»ÔÄ»ÔÄ»ÔÄ»ÔÄ»ÔÄ»ÔÄ»ÔÄ»ÔÄ»[1/1]ÔÄ»[22m[39m

[2m Test Files [22m [1m[31m1 failed[39m[22m[90m (1)[39m
[2m      Tests [22m [2mno tests[22m
[2m   Start at [22m 23:06:14
[2m   Duration [22m 0ms


[1m[7m[31m FAIL [39m[27m[22m[31m Tests failed. Watching for file changes...[39m
       [2mpress [22m[1mh[22m[2m to show help[22m[2m, [22m[2mpress [22m[1mq[22m[2m to quit[22m
       [34mrerun x10[39m
[2K[1A[2K[G       [90mrerun x10[39m
[2K[1A[2K[G       [2m[90mrerun x10[39m[22m
[2K[1A[2K[G[3Jc
[7m[1m[34m RERUN [39m[22m[27m[2m src/conversation/naturalness.js[22m [34mx11[39m

 [33mÔØ»[39m tests/messageCreate.test.mjs [2m ([22m[2m0 test[22m[2m)[22m

[31mÔÄ»ÔÄ»ÔÄ»ÔÄ»ÔÄ»ÔÄ»[1m[7m Failed Suites 1 
[27m[22mÔÄ»ÔÄ»ÔÄ»ÔÄ»ÔÄ»ÔÄ»ÔÄ»[39m

[31m[1m[7m FAIL [27m[22m[39m 
tests/messageCreate.test.mjs [2m[ 
tests/messageCreate.test.mjs ][22m
[31m[1mError[22m: Failed to resolve import 
"../src/conversation/naturalness" from 
"tests/messageCreate.test.mjs". Does the file 
exist?[39m
[90m [2mÔØ»[22m TransformPluginContext._formatError n
ode_modules/vite/dist/node/chunks/dep-BK3b2jBa.js:[2m49
258:41[22m[39m
[90m [2mÔØ»[22m TransformPluginContext.error node_mod
ules/vite/dist/node/chunks/dep-BK3b2jBa.js:[2m49253:16
[22m[39m
[90m [2mÔØ»[22m normalizeUrl node_modules/vite/dist/n
ode/chunks/dep-BK3b2jBa.js:[2m64307:23[22m[39m
[90m [2mÔØ»[22m async file:/C:/Users/User/OneDrive/De
sktop/chatbot.personalizado.js/chatbot.personalizado.js/
node_modules/vite/dist/node/chunks/dep-BK3b2jBa.js:[2m6
4439:39[22m[39m
[90m [2mÔØ»[22m TransformPluginContext.transform node
_modules/vite/dist/node/chunks/dep-BK3b2jBa.js:[2m64366
:7[22m[39m
[90m [2mÔØ»[22m PluginContainer.transform node_module
s/vite/dist/node/chunks/dep-BK3b2jBa.js:[2m49099:18[22
m[39m
[90m [2mÔØ»[22m loadAndTransform node_modules/vite/di
st/node/chunks/dep-BK3b2jBa.js:[2m51978:27[22m[39m

[31m[2mÔÄ»ÔÄ»ÔÄ»ÔÄ»ÔÄ»ÔÄ»ÔÄ»ÔÄ»ÔÄ»ÔÄ»ÔÄ»ÔÄ»ÔÄ»ÔÄ»ÔÄ»ÔÄ
»ÔÄ»ÔÄ»ÔÄ»ÔÄ»ÔÄ»ÔÄ»ÔÄ»ÔÄ»[1/1]ÔÄ»[22m[39m

[2m Test Files [22m [1m[31m1 failed[39m[22m[90m (1)[39m
[2m      Tests [22m [2mno tests[22m
[2m   Start at [22m 23:21:48
[2m   Duration [22m 0ms


[1m[7m[31m FAIL [39m[27m[22m[31m Tests failed. Watching for file changes...[39m
       [2mpress [22m[1mh[22m[2m to show help[22m[2m, [22m[2mpress [22m[1mq[22m[2m to quit[22m
       [34mrerun x11[39m
[2K[1A[2K[G       [90mrerun x11[39m
[2K[1A[2K[G       [2m[90mrerun x11[39m[22m
[2K[1A[2K[G[3Jc
[7m[1m[34m RERUN [39m[22m[27m[2m src/automation/intelligentAutomation.js[22m [34mx12[39m

 [33mÔØ»[39m tests/messageCreate.test.mjs [2m ([22m[2m0 test[22m[2m)[22m

[31mÔÄ»ÔÄ»ÔÄ»ÔÄ»ÔÄ»ÔÄ»[1m[7m Failed Suites 1 
[27m[22mÔÄ»ÔÄ»ÔÄ»ÔÄ»ÔÄ»ÔÄ»ÔÄ»[39m

[31m[1m[7m FAIL [27m[22m[39m 
tests/messageCreate.test.mjs [2m[ 
tests/messageCreate.test.mjs ][22m
[31m[1mError[22m: Failed to resolve import 
"../src/conversation/naturalness" from 
"tests/messageCreate.test.mjs". Does the file 
exist?[39m
[90m [2mÔØ»[22m TransformPluginContext._formatError n
ode_modules/vite/dist/node/chunks/dep-BK3b2jBa.js:[2m49
258:41[22m[39m
[90m [2mÔØ»[22m TransformPluginContext.error node_mod
ules/vite/dist/node/chunks/dep-BK3b2jBa.js:[2m49253:16
[22m[39m
[90m [2mÔØ»[22m normalizeUrl node_modules/vite/dist/n
ode/chunks/dep-BK3b2jBa.js:[2m64307:23[22m[39m
[90m [2mÔØ»[22m async file:/C:/Users/User/OneDrive/De
sktop/chatbot.personalizado.js/chatbot.personalizado.js/
node_modules/vite/dist/node/chunks/dep-BK3b2jBa.js:[2m6
4439:39[22m[39m
[90m [2mÔØ»[22m TransformPluginContext.transform node
_modules/vite/dist/node/chunks/dep-BK3b2jBa.js:[2m64366
:7[22m[39m
[90m [2mÔØ»[22m PluginContainer.transform node_module
s/vite/dist/node/chunks/dep-BK3b2jBa.js:[2m49099:18[22
m[39m
[90m [2mÔØ»[22m loadAndTransform node_modules/vite/di
st/node/chunks/dep-BK3b2jBa.js:[2m51978:27[22m[39m

[31m[2mÔÄ»ÔÄ»ÔÄ»ÔÄ»ÔÄ»ÔÄ»ÔÄ»ÔÄ»ÔÄ»ÔÄ»ÔÄ»ÔÄ»ÔÄ»ÔÄ»ÔÄ»ÔÄ
»ÔÄ»ÔÄ»ÔÄ»ÔÄ»ÔÄ»ÔÄ»ÔÄ»ÔÄ»[1/1]ÔÄ»[22m[39m

[2m Test Files [22m [1m[31m1 failed[39m[22m[90m (1)[39m
[2m      Tests [22m [2mno tests[22m
[2m   Start at [22m 23:22:32
[2m   Duration [22m 0ms


[1m[7m[31m FAIL [39m[27m[22m[31m Tests failed. Watching for file changes...[39m
       [2mpress [22m[1mh[22m[2m to show help[22m[2m, [22m[2mpress [22m[1mq[22m[2m to quit[22m
       [34mrerun x12[39m
[2K[1A[2K[G[3Jc
[7m[1m[34m RERUN [39m[22m[27m[2m src/automation/intelligentAutomation.js[22m [34mx13[39m

 [33mÔØ»[39m tests/messageCreate.test.mjs [2m ([22m[2m0 test[22m[2m)[22m

[31mÔÄ»ÔÄ»ÔÄ»ÔÄ»ÔÄ»ÔÄ»[1m[7m Failed Suites 1 
[27m[22mÔÄ»ÔÄ»ÔÄ»ÔÄ»ÔÄ»ÔÄ»ÔÄ»[39m

[31m[1m[7m FAIL [27m[22m[39m 
tests/messageCreate.test.mjs [2m[ 
tests/messageCreate.test.mjs ][22m
[31m[1mError[22m: Failed to resolve import 
"../src/conversation/naturalness" from 
"tests/messageCreate.test.mjs". Does the file 
exist?[39m
[90m [2mÔØ»[22m TransformPluginContext._formatError n
ode_modules/vite/dist/node/chunks/dep-BK3b2jBa.js:[2m49
258:41[22m[39m
[90m [2mÔØ»[22m TransformPluginContext.error node_mod
ules/vite/dist/node/chunks/dep-BK3b2jBa.js:[2m49253:16
[22m[39m
[90m [2mÔØ»[22m normalizeUrl node_modules/vite/dist/n
ode/chunks/dep-BK3b2jBa.js:[2m64307:23[22m[39m
[90m [2mÔØ»[22m async file:/C:/Users/User/OneDrive/De
sktop/chatbot.personalizado.js/chatbot.personalizado.js/
node_modules/vite/dist/node/chunks/dep-BK3b2jBa.js:[2m6
4439:39[22m[39m
[90m [2mÔØ»[22m TransformPluginContext.transform node
_modules/vite/dist/node/chunks/dep-BK3b2jBa.js:[2m64366
:7[22m[39m
[90m [2mÔØ»[22m PluginContainer.transform node_module
s/vite/dist/node/chunks/dep-BK3b2jBa.js:[2m49099:18[22
m[39m
[90m [2mÔØ»[22m loadAndTransform node_modules/vite/di
st/node/chunks/dep-BK3b2jBa.js:[2m51978:27[22m[39m

[31m[2mÔÄ»ÔÄ»ÔÄ»ÔÄ»ÔÄ»ÔÄ»ÔÄ»ÔÄ»ÔÄ»ÔÄ»ÔÄ»ÔÄ»ÔÄ»ÔÄ»ÔÄ»ÔÄ
»ÔÄ»ÔÄ»ÔÄ»ÔÄ»ÔÄ»ÔÄ»ÔÄ»ÔÄ»[1/1]ÔÄ»[22m[39m

[2m Test Files [22m [1m[31m1 failed[39m[22m[90m (1)[39m
[2m      Tests [22m [2mno tests[22m
[2m   Start at [22m 23:22:40
[2m   Duration [22m 0ms


[1m[7m[31m FAIL [39m[27m[22m[31m Tests failed. Watching for file changes...[39m
       [2mpress [22m[1mh[22m[2m to show help[22m[2m, [22m[2mpress [22m[1mq[22m[2m to quit[22m
       [34mrerun x13[39m
[2K[1A[2K[G       [90mrerun x13[39m
[2K[1A[2K[G       [2m[90mrerun x13[39m[22m
[2K[1A[2K[G[3Jc
[7m[1m[34m RERUN [39m[22m[27m[2m tests/messageCreate.test.mjs[22m [34mx14[39m

 [33mÔØ»[39m tests/messageCreate.test.mjs [2m ([22m[2m0 test[22m[2m)[22m

[31mÔÄ»ÔÄ»ÔÄ»ÔÄ»ÔÄ»ÔÄ»[1m[7m Failed Suites 1 
[27m[22mÔÄ»ÔÄ»ÔÄ»ÔÄ»ÔÄ»ÔÄ»ÔÄ»[39m

[31m[1m[7m FAIL [27m[22m[39m 
tests/messageCreate.test.mjs [2m[ 
tests/messageCreate.test.mjs ][22m
[31m[1mError[22m: Failed to resolve import 
"../src/utils/linguisticVariety" from 
"tests/messageCreate.test.mjs". Does the file 
exist?[39m
[90m [2mÔØ»[22m TransformPluginContext._formatError n
ode_modules/vite/dist/node/chunks/dep-BK3b2jBa.js:[2m49
258:41[22m[39m
[90m [2mÔØ»[22m TransformPluginContext.error node_mod
ules/vite/dist/node/chunks/dep-BK3b2jBa.js:[2m49253:16
[22m[39m
[90m [2mÔØ»[22m normalizeUrl node_modules/vite/dist/n
ode/chunks/dep-BK3b2jBa.js:[2m64307:23[22m[39m
[90m [2mÔØ»[22m async file:/C:/Users/User/OneDrive/De
sktop/chatbot.personalizado.js/chatbot.personalizado.js/
node_modules/vite/dist/node/chunks/dep-BK3b2jBa.js:[2m6
4439:39[22m[39m
[90m [2mÔØ»[22m TransformPluginContext.transform node
_modules/vite/dist/node/chunks/dep-BK3b2jBa.js:[2m64366
:7[22m[39m
[90m [2mÔØ»[22m PluginContainer.transform node_module
s/vite/dist/node/chunks/dep-BK3b2jBa.js:[2m49099:18[22
m[39m
[90m [2mÔØ»[22m loadAndTransform node_modules/vite/di
st/node/chunks/dep-BK3b2jBa.js:[2m51978:27[22m[39m

[31m[2mÔÄ»ÔÄ»ÔÄ»ÔÄ»ÔÄ»ÔÄ»ÔÄ»ÔÄ»ÔÄ»ÔÄ»ÔÄ»ÔÄ»ÔÄ»ÔÄ»ÔÄ»ÔÄ
»ÔÄ»ÔÄ»ÔÄ»ÔÄ»ÔÄ»ÔÄ»ÔÄ»ÔÄ»[1/1]ÔÄ»[22m[39m

[2m Test Files [22m [1m[31m1 failed[39m[22m[90m (1)[39m
[2m      Tests [22m [2mno tests[22m
[2m   Start at [22m 23:23:46
[2m   Duration [22m 1ms


[1m[7m[31m FAIL [39m[27m[22m[31m Tests failed. Watching for file changes...[39m
       [2mpress [22m[1mh[22m[2m to show help[22m[2m, [22m[2mpress [22m[1mq[22m[2m to quit[22m
       [34mrerun x14[39m
[2K[1A[2K[G[3Jc
[7m[1m[34m RERUN [39m[22m[27m[2m tests/messageCreate.test.mjs[22m [34mx15[39m

 [33mÔØ»[39m tests/messageCreate.test.mjs [2m ([22m[2m0 test[22m[2m)[22m

[31mÔÄ»ÔÄ»ÔÄ»ÔÄ»ÔÄ»ÔÄ»[1m[7m Failed Suites 1 
[27m[22mÔÄ»ÔÄ»ÔÄ»ÔÄ»ÔÄ»ÔÄ»ÔÄ»[39m

[31m[1m[7m FAIL [27m[22m[39m 
tests/messageCreate.test.mjs [2m[ 
tests/messageCreate.test.mjs ][22m
[31m[1mError[22m: Failed to resolve import 
"../src/utils/linguisticVariety" from 
"tests/messageCreate.test.mjs". Does the file 
exist?[39m
[90m [2mÔØ»[22m TransformPluginContext._formatError n
ode_modules/vite/dist/node/chunks/dep-BK3b2jBa.js:[2m49
258:41[22m[39m
[90m [2mÔØ»[22m TransformPluginContext.error node_mod
ules/vite/dist/node/chunks/dep-BK3b2jBa.js:[2m49253:16
[22m[39m
[90m [2mÔØ»[22m normalizeUrl node_modules/vite/dist/n
ode/chunks/dep-BK3b2jBa.js:[2m64307:23[22m[39m
[90m [2mÔØ»[22m async file:/C:/Users/User/OneDrive/De
sktop/chatbot.personalizado.js/chatbot.personalizado.js/
node_modules/vite/dist/node/chunks/dep-BK3b2jBa.js:[2m6
4439:39[22m[39m
[90m [2mÔØ»[22m TransformPluginContext.transform node
_modules/vite/dist/node/chunks/dep-BK3b2jBa.js:[2m64366
:7[22m[39m
[90m [2mÔØ»[22m PluginContainer.transform node_module
s/vite/dist/node/chunks/dep-BK3b2jBa.js:[2m49099:18[22
m[39m
[90m [2mÔØ»[22m loadAndTransform node_modules/vite/di
st/node/chunks/dep-BK3b2jBa.js:[2m51978:27[22m[39m

[31m[2mÔÄ»ÔÄ»ÔÄ»ÔÄ»ÔÄ»ÔÄ»ÔÄ»ÔÄ»ÔÄ»ÔÄ»ÔÄ»ÔÄ»ÔÄ»ÔÄ»ÔÄ»ÔÄ
»ÔÄ»ÔÄ»ÔÄ»ÔÄ»ÔÄ»ÔÄ»ÔÄ»ÔÄ»[1/1]ÔÄ»[22m[39m

[2m Test Files [22m [1m[31m1 failed[39m[22m[90m (1)[39m
[2m      Tests [22m [2mno tests[22m
[2m   Start at [22m 23:24:01
[2m   Duration [22m 0ms


[1m[7m[31m FAIL [39m[27m[22m[31m Tests failed. Watching for file changes...[39m
       [2mpress [22m[1mh[22m[2m to show help[22m[2m, [22m[2mpress [22m[1mq[22m[2m to quit[22m
       [34mrerun x15[39m
[2K[1A[2K[G       [90mrerun x15[39m
[2K[1A[2K[G       [2m[90mrerun x15[39m[22m
[2K[1A[2K[G[3Jc
[7m[1m[34m RERUN [39m[22m[27m[2m tests/messageCreate.test.mjs[22m [34mx16[39m

 [33mÔØ»[39m tests/messageCreate.test.mjs [2m ([22m[2m0 test[22m[2m)[22m

[31mÔÄ»ÔÄ»ÔÄ»ÔÄ»ÔÄ»ÔÄ»[1m[7m Failed Suites 1 
[27m[22mÔÄ»ÔÄ»ÔÄ»ÔÄ»ÔÄ»ÔÄ»ÔÄ»[39m

[31m[1m[7m FAIL [27m[22m[39m 
tests/messageCreate.test.mjs [2m[ 
tests/messageCreate.test.mjs ][22m
[31m[1mError[22m: Failed to resolve import 
"../src/utils/linguisticVariety" from 
"tests/messageCreate.test.mjs". Does the file 
exist?[39m
[90m [2mÔØ»[22m TransformPluginContext._formatError n
ode_modules/vite/dist/node/chunks/dep-BK3b2jBa.js:[2m49
258:41[22m[39m
[90m [2mÔØ»[22m TransformPluginContext.error node_mod
ules/vite/dist/node/chunks/dep-BK3b2jBa.js:[2m49253:16
[22m[39m
[90m [2mÔØ»[22m normalizeUrl node_modules/vite/dist/n
ode/chunks/dep-BK3b2jBa.js:[2m64307:23[22m[39m
[90m [2mÔØ»[22m async file:/C:/Users/User/OneDrive/De
sktop/chatbot.personalizado.js/chatbot.personalizado.js/
node_modules/vite/dist/node/chunks/dep-BK3b2jBa.js:[2m6
4439:39[22m[39m
[90m [2mÔØ»[22m TransformPluginContext.transform node
_modules/vite/dist/node/chunks/dep-BK3b2jBa.js:[2m64366
:7[22m[39m
[90m [2mÔØ»[22m PluginContainer.transform node_module
s/vite/dist/node/chunks/dep-BK3b2jBa.js:[2m49099:18[22
m[39m
[90m [2mÔØ»[22m loadAndTransform node_modules/vite/di
st/node/chunks/dep-BK3b2jBa.js:[2m51978:27[22m[39m

[31m[2mÔÄ»ÔÄ»ÔÄ»ÔÄ»ÔÄ»ÔÄ»ÔÄ»ÔÄ»ÔÄ»ÔÄ»ÔÄ»ÔÄ»ÔÄ»ÔÄ»ÔÄ»ÔÄ
»ÔÄ»ÔÄ»ÔÄ»ÔÄ»ÔÄ»ÔÄ»ÔÄ»ÔÄ»[1/1]ÔÄ»[22m[39m

[2m Test Files [22m [1m[31m1 failed[39m[22m[90m (1)[39m
[2m      Tests [22m [2mno tests[22m
[2m   Start at [22m 23:28:38
[2m   Duration [22m 1ms


[1m[7m[31m FAIL [39m[27m[22m[31m Tests failed. Watching for file changes...[39m
       [2mpress [22m[1mh[22m[2m to show help[22m[2m, [22m[2mpress [22m[1mq[22m[2m to quit[22m
       [34mrerun x16[39m
[2K[1A[2K[G[3Jc
[7m[1m[34m RERUN [39m[22m[27m[2m tests/messageCreate.test.mjs[22m [34mx17[39m

 [33mÔØ»[39m tests/messageCreate.test.mjs [2m ([22m[2m0 test[22m[2m)[22m

[31mÔÄ»ÔÄ»ÔÄ»ÔÄ»ÔÄ»ÔÄ»[1m[7m Failed Suites 1 
[27m[22mÔÄ»ÔÄ»ÔÄ»ÔÄ»ÔÄ»ÔÄ»ÔÄ»[39m

[31m[1m[7m FAIL [27m[22m[39m 
tests/messageCreate.test.mjs [2m[ 
tests/messageCreate.test.mjs ][22m
[31m[1mError[22m: Failed to resolve import 
"../src/utils/linguisticVariety" from 
"tests/messageCreate.test.mjs". Does the file 
exist?[39m
[90m [2mÔØ»[22m TransformPluginContext._formatError n
ode_modules/vite/dist/node/chunks/dep-BK3b2jBa.js:[2m49
258:41[22m[39m
[90m [2mÔØ»[22m TransformPluginContext.error node_mod
ules/vite/dist/node/chunks/dep-BK3b2jBa.js:[2m49253:16
[22m[39m
[90m [2mÔØ»[22m normalizeUrl node_modules/vite/dist/n
ode/chunks/dep-BK3b2jBa.js:[2m64307:23[22m[39m
[90m [2mÔØ»[22m async file:/C:/Users/User/OneDrive/De
sktop/chatbot.personalizado.js/chatbot.personalizado.js/
node_modules/vite/dist/node/chunks/dep-BK3b2jBa.js:[2m6
4439:39[22m[39m
[90m [2mÔØ»[22m TransformPluginContext.transform node
_modules/vite/dist/node/chunks/dep-BK3b2jBa.js:[2m64366
:7[22m[39m
[90m [2mÔØ»[22m PluginContainer.transform node_module
s/vite/dist/node/chunks/dep-BK3b2jBa.js:[2m49099:18[22
m[39m
[90m [2mÔØ»[22m loadAndTransform node_modules/vite/di
st/node/chunks/dep-BK3b2jBa.js:[2m51978:27[22m[39m

[31m[2mÔÄ»ÔÄ»ÔÄ»ÔÄ»ÔÄ»ÔÄ»ÔÄ»ÔÄ»ÔÄ»ÔÄ»ÔÄ»ÔÄ»ÔÄ»ÔÄ»ÔÄ»ÔÄ
»ÔÄ»ÔÄ»ÔÄ»ÔÄ»ÔÄ»ÔÄ»ÔÄ»ÔÄ»[1/1]ÔÄ»[22m[39m

[2m Test Files [22m [1m[31m1 failed[39m[22m[90m (1)[39m
[2m      Tests [22m [2mno tests[22m
[2m   Start at [22m 23:29:03
[2m   Duration [22m 0ms


[1m[7m[31m FAIL [39m[27m[22m[31m Tests failed. Watching for file changes...[39m
       [2mpress [22m[1mh[22m[2m to show help[22m[2m, [22m[2mpress [22m[1mq[22m[2m to quit[22m
       [34mrerun x17[39m
[2K[1A[2K[G       [90mrerun x17[39m
[2K[1A[2K[G       [2m[90mrerun x17[39m[22m
